2024-03-05 21:51:51.203 | INFO     | test_string_filter:test_training_data_exists:44 - Training data loaded!
2024-03-05 21:51:51.203 | INFO     | test_string_filter:test_training_data_exists:45 - ====================================
2024-03-05 21:51:51.203 | INFO     | test_string_filter:test_training_data_exists:46 - Num rows: 209527
2024-03-05 21:51:51.203 | INFO     | test_string_filter:test_training_data_exists:47 - Num cols: 6
2024-03-05 21:51:51.203 | INFO     | test_string_filter:test_training_data_exists:48 - Columns: Index(['link', 'headline', 'category', 'short_description', 'authors', 'date'], dtype='object')
2024-03-05 21:51:51.203 | INFO     | test_string_filter:test_training_data_exists:49 - ====================================
